app/admin/applications/page.tsx(69,23): error TS2345: Argument of type 'Application[]' is not assignable to parameter of type 'SetStateAction<Application[]>'.
  Type 'import("C:/Users/USER/Desktop/projects/Admission portal/lib/api").Application[]' is not assignable to type 'Application[]'.
    Type 'Application' is missing the following properties from type 'Application': user_id, phone_number, program_id, admission_status, submitted_at
app/admin/staff/page.tsx(36,45): error TS2304: Cannot find name 'useAuth'.
app/applicant/application/page.tsx(137,13): error TS2322: Type 'number | undefined' is not assignable to type 'number'.
  Type 'undefined' is not assignable to type 'number'.
app/ict/students/page.tsx(47,24): error TS2339: Property 'students' does not exist on type '{ data: any; status: number; }'.
app/student/registration/page.tsx(62,37): error TS2339: Property 'is_global_locked' does not exist on type 'CourseRegistrationResponse'.
app/student/registration/page.tsx(483,32): error TS2304: Cannot find name 'Save'.
components/ui/calendar.tsx(57,9): error TS2353: Object literal may only specify known properties, and 'IconLeft' does not exist in type 'Partial<CustomComponents>'.
result/app/layout.tsx(4,27): error TS2307: Cannot find module '@vercel/analytics/next' or its corresponding type declarations.
result/app/page.tsx(5,41): error TS2307: Cannot find module 'framer-motion' or its corresponding type declarations.
result/app/page.tsx(24,23): error TS2307: Cannot find module 'xlsx' or its corresponding type declarations.
result/app/page.tsx(25,19): error TS2307: Cannot find module 'jszip' or its corresponding type declarations.
result/app/page.tsx(26,24): error TS2307: Cannot find module 'file-saver' or its corresponding type declarations.
result/app/page.tsx(38,31): error TS2307: Cannot find module '@/components/result-display' or its corresponding type declarations.
result/app/page.tsx(39,34): error TS2307: Cannot find module '@/components/saved-results-view' or its corresponding type declarations.
result/app/page.tsx(40,29): error TS2307: Cannot find module '@/lib/pdf-generator' or its corresponding type declarations.
result/app/page.tsx(41,28): error TS2307: Cannot find module '@/components/mode-toggle' or its corresponding type declarations.
result/components/result-display.tsx(6,29): error TS2307: Cannot find module '@/lib/pdf-generator' or its corresponding type declarations.
result/components/result-display.tsx(7,28): error TS2307: Cannot find module '@/lib/storage' or its corresponding type declarations.
result/components/saved-results-view.tsx(13,41): error TS2307: Cannot find module 'framer-motion' or its corresponding type declarations.
result/components/saved-results-view.tsx(19,8): error TS2307: Cannot find module '@/lib/storage' or its corresponding type declarations.
result/components/saved-results-view.tsx(20,29): error TS2307: Cannot find module '@/lib/pdf-generator' or its corresponding type declarations.
result/components/saved-results-view.tsx(21,39): error TS2307: Cannot find module '@/lib/transcript-pdf-generator' or its corresponding type declarations.
result/components/saved-results-view.tsx(22,31): error TS2307: Cannot find module '@/components/result-display' or its corresponding type declarations.
result/components/saved-results-view.tsx(23,35): error TS2307: Cannot find module '@/components/transcript-display' or its corresponding type declarations.
result/components/saved-results-view.tsx(24,19): error TS2307: Cannot find module 'jszip' or its corresponding type declarations.
result/components/saved-results-view.tsx(25,24): error TS2307: Cannot find module 'file-saver' or its corresponding type declarations.
result/components/saved-results-view.tsx(98,39): error TS7006: Parameter 's' implicitly has an 'any' type.
result/components/saved-results-view.tsx(102,43): error TS7006: Parameter 's' implicitly has an 'any' type.
result/components/saved-results-view.tsx(110,8): error TS7006: Parameter 'r' implicitly has an 'any' type.
result/components/saved-results-view.tsx(118,8): error TS7006: Parameter 'r' implicitly has an 'any' type.
result/components/saved-results-view.tsx(180,34): error TS7006: Parameter 'a' implicitly has an 'any' type.
result/components/saved-results-view.tsx(180,37): error TS7006: Parameter 's' implicitly has an 'any' type.
result/components/saved-results-view.tsx(180,67): error TS7006: Parameter 'b' implicitly has an 'any' type.
result/components/saved-results-view.tsx(180,70): error TS7006: Parameter 'sem' implicitly has an 'any' type.
result/components/saved-results-view.tsx(183,32): error TS7006: Parameter 's' implicitly has an 'any' type.
result/components/saved-results-view.tsx(183,77): error TS7006: Parameter 'a' implicitly has an 'any' type.
result/components/saved-results-view.tsx(183,80): error TS7006: Parameter 'sem' implicitly has an 'any' type.
result/components/saved-results-view.tsx(527,42): error TS7006: Parameter 'session' implicitly has an 'any' type.
result/components/saved-results-view.tsx(547,53): error TS7006: Parameter 'sem' implicitly has an 'any' type.
result/components/saved-results-view.tsx(603,46): error TS7006: Parameter 'sem' implicitly has an 'any' type.
result/components/saved-results-view.tsx(677,91): error TS7006: Parameter 'r' implicitly has an 'any' type.
result/components/saved-results-view.tsx(686,82): error TS7006: Parameter 'r' implicitly has an 'any' type.
result/components/saved-results-view.tsx(698,41): error TS7006: Parameter 'result' implicitly has an 'any' type.
result/components/saved-results-view.tsx(791,56): error TS7006: Parameter 'sem' implicitly has an 'any' type.
result/components/transcript-display.tsx(6,39): error TS2307: Cannot find module '@/lib/transcript-pdf-generator' or its corresponding type declarations.
result/components/transcript-display.tsx(7,42): error TS2307: Cannot find module '@/lib/storage' or its corresponding type declarations.
result/components/transcript-display.tsx(147,40): error TS7006: Parameter 'semester' implicitly has an 'any' type.
result/components/transcript-display.tsx(173,46): error TS7006: Parameter 'course' implicitly has an 'any' type.
result/components/ui/command.tsx(53,9): error TS2322: Type '{ children: Element; className: string; showCloseButton: boolean; }' is not assignable to type 'IntrinsicAttributes & Omit<DialogContentProps & RefAttributes<HTMLDivElement>, "ref"> & RefAttributes<...>'.
  Property 'showCloseButton' does not exist on type 'IntrinsicAttributes & Omit<DialogContentProps & RefAttributes<HTMLDivElement>, "ref"> & RefAttributes<...>'.
result/lib/db.ts(1,17): error TS2307: Cannot find module 'mssql' or its corresponding type declarations.
result/lib/pdf-generator.ts(1,19): error TS2307: Cannot find module 'jspdf' or its corresponding type declarations.
result/lib/pdf-generator.ts(2,23): error TS2307: Cannot find module 'jspdf-autotable' or its corresponding type declarations.
result/lib/transcript-pdf-generator.ts(4,19): error TS2307: Cannot find module 'jspdf' or its corresponding type declarations.
result/lib/transcript-pdf-generator.ts(5,23): error TS2307: Cannot find module 'jspdf-autotable' or its corresponding type declarations.
result/pages/api/courses/index.ts(3,17): error TS2307: Cannot find module 'mssql' or its corresponding type declarations.
result/pages/api/courses/index.ts(4,31): error TS2307: Cannot find module '@/lib/db' or its corresponding type declarations.
result/pages/api/results/[matricNumber].ts(2,17): error TS2307: Cannot find module 'mssql' or its corresponding type declarations.
result/pages/api/results/[matricNumber].ts(3,31): error TS2307: Cannot find module '@/lib/db' or its corresponding type declarations.
result/pages/api/results/[matricNumber].ts(55,44): error TS7006: Parameter 'r' implicitly has an 'any' type.
result/pages/api/results/department/[id].ts(2,17): error TS2307: Cannot find module 'mssql' or its corresponding type declarations.
result/pages/api/results/department/[id].ts(3,31): error TS2307: Cannot find module '@/lib/db' or its corresponding type declarations.
result/pages/api/results/index.ts(7,17): error TS2307: Cannot find module 'mssql' or its corresponding type declarations.
result/pages/api/results/index.ts(8,31): error TS2307: Cannot find module '@/lib/db' or its corresponding type declarations.
result/pages/api/results/session/[sessionId].ts(6,17): error TS2307: Cannot find module 'mssql' or its corresponding type declarations.
result/pages/api/results/session/[sessionId].ts(7,31): error TS2307: Cannot find module '@/lib/db' or its corresponding type declarations.
result/pages/api/results/session/[sessionId].ts(52,53): error TS7006: Parameter 'r' implicitly has an 'any' type.
